version https://git-lfs.github.com/spec/v1
oid sha256:b5bebe2110f73a802a6462517af39852ae367941c8528af32be5437c44039666
size 10958
